---
source: tests/golden.rs
expression: buf.finish()
---
x &lt; 4
Salt &amp; pepper

