---
source: tests/golden.rs
expression: buf.finish()
---
<!DOCTYPE html>
<!-- My website -->
<html lang='en'>
 <head>
  <title>
Website!
  </title>
  <meta charset='utf-8'>
 </head>
 <body>
  <h1>
It's a website!
  </h1>
  <ul>
   <li>
    <a href='/page_1.html'>
Page 1
    </a>
   </li>
   <li>
    <a href='/page_2.html'>
Page 2
    </a>
   </li>
   <li>
    <a href='/page_3.html'>
Page 3
    </a>
   </li>
  </ul>
  <figure>
   <img src='img.jpg' alt='Awesome image'>
   <figcaption>
Awesome image
   </figcaption>
  </figure>
  <footer>
Last modified
   <time>
2021-04-12
   </time>
  </footer>
 </body>
</html>

